<testsuites id="" name="" tests="1" failures="1" skipped="0" errors="0" time="143.04556">
<testsuite name="Retry.spec.js" timestamp="2025-08-13T13:01:28.981Z" hostname="chromium" tests="1" failures="1" skipped="0" time="108.097" errors="0">
<testcase name="test" classname="Retry.spec.js" time="108.097">
<failure message="Retry.spec.js:6:1 test" type="FAILURE">
<![CDATA[  [chromium] › Retry.spec.js:6:1 › test ────────────────────────────────────────────────────────────

    Test timeout of 30000ms exceeded.

    Error: locator.click: Target page, context or browser has been closed
    Call log:
      - waiting for locator('//a[normalize-space()=\'Add to cart\']')


       at pages\HomePage.js:22

      20 |             }
      21 |         })
    > 22 |         await this.page.locator(this.addToCartBtn).click();
         |                                                    ^
      23 |     }
      24 |
      25 |     async gotoCart(){
        at HomePage.addProductToCart (C:\Users\User\Documents\Playwright-Projects\SDET-QA-Tutorials\tests\pages\HomePage.js:22:52)
        at C:\Users\User\Documents\Playwright-Projects\SDET-QA-Tutorials\tests\Retry.spec.js:22:5

    attachment #1: video (video/webm) ──────────────────────────────────────────────────────────────
    ..\test-results\Retry-test-chromium\video.webm
    ────────────────────────────────────────────────────────────────────────────────────────────────

    attachment #2: trace (application/zip) ─────────────────────────────────────────────────────────
    ..\test-results\Retry-test-chromium\trace.zip
    Usage:

        npx playwright show-trace ..\test-results\Retry-test-chromium\trace.zip

    ────────────────────────────────────────────────────────────────────────────────────────────────

    Retry #1 ───────────────────────────────────────────────────────────────────────────────────────

    Test timeout of 30000ms exceeded.

    Error: locator.click: Test timeout of 30000ms exceeded.
    Call log:
      - waiting for locator('//a[normalize-space()=\'Add to cart\']')


       at pages\HomePage.js:22

      20 |             }
      21 |         })
    > 22 |         await this.page.locator(this.addToCartBtn).click();
         |                                                    ^
      23 |     }
      24 |
      25 |     async gotoCart(){
        at HomePage.addProductToCart (C:\Users\User\Documents\Playwright-Projects\SDET-QA-Tutorials\tests\pages\HomePage.js:22:52)
        at C:\Users\User\Documents\Playwright-Projects\SDET-QA-Tutorials\tests\Retry.spec.js:22:5

    attachment #1: video (video/webm) ──────────────────────────────────────────────────────────────
    ..\test-results\Retry-test-chromium-retry1\video.webm
    ────────────────────────────────────────────────────────────────────────────────────────────────

    Error Context: ..\test-results\Retry-test-chromium-retry1\error-context.md

    attachment #3: trace (application/zip) ─────────────────────────────────────────────────────────
    ..\test-results\Retry-test-chromium-retry1\trace.zip
    Usage:

        npx playwright show-trace ..\test-results\Retry-test-chromium-retry1\trace.zip

    ────────────────────────────────────────────────────────────────────────────────────────────────
]]>
</failure>
<system-out>
<![CDATA[
[[ATTACHMENT|test-results\Retry-test-chromium\video.webm]]

[[ATTACHMENT|test-results\Retry-test-chromium\trace.zip]]

[[ATTACHMENT|test-results\Retry-test-chromium-retry1\video.webm]]

[[ATTACHMENT|test-results\Retry-test-chromium-retry1\error-context.md]]

[[ATTACHMENT|test-results\Retry-test-chromium-retry1\trace.zip]]
]]>
</system-out>
</testcase>
</testsuite>
</testsuites>